// Vitest Snapshot v1

exports[`PancakeSwap Universal Router Trade > v2 > should encode a exactInput ETH->USDC->USDT Swap 1`] = `"0x24856bc30000000000000000000000000000000000000000000000000000000000000040000000000000000000000000000000000000000000000000000000000000008000000000000000000000000000000000000000000000000000000000000000020b080000000000000000000000000000000000000000000000000000000000000000000000000000000000000000000000000000000000000000000000000002000000000000000000000000000000000000000000000000000000000000004000000000000000000000000000000000000000000000000000000000000000a0000000000000000000000000000000000000000000000000000000000000004000000000000000000000000000000000000000000000000000000000000000020000000000000000000000000000000000000000000000000de0b6b3a7640000000000000000000000000000000000000000000000000000000000000000012000000000000000000000000000000000000000000000000000000000000000000000000000000000000000000000000000000000000000000de0b6b3a76400000000000000000000000000000000000000000000000000000d1ff212023a4df000000000000000000000000000000000000000000000000000000000000000a000000000000000000000000000000000000000000000000000000000000000000000000000000000000000000000000000000000000000000000000000000003000000000000000000000000c02aaa39b223fe8d0a0e5c4f27ead9083c756cc2000000000000000000000000a0b86991c6218b36c1d19d4a2e9eb0ce3606eb48000000000000000000000000dac17f958d2ee523a2206206994597c13d831ec7"`;

exports[`PancakeSwap Universal Router Trade > v2 > should encode a exactInput ETH->USDC->USDT Swap, with USDT fee 1`] = `"0x24856bc30000000000000000000000000000000000000000000000000000000000000040000000000000000000000000000000000000000000000000000000000000008000000000000000000000000000000000000000000000000000000000000000040b080604000000000000000000000000000000000000000000000000000000000000000000000000000000000000000000000000000000000000000000000004000000000000000000000000000000000000000000000000000000000000008000000000000000000000000000000000000000000000000000000000000000e0000000000000000000000000000000000000000000000000000000000000022000000000000000000000000000000000000000000000000000000000000002a0000000000000000000000000000000000000000000000000000000000000004000000000000000000000000000000000000000000000000000000000000000020000000000000000000000000000000000000000000000000de0b6b3a7640000000000000000000000000000000000000000000000000000000000000000012000000000000000000000000000000000000000000000000000000000000000020000000000000000000000000000000000000000000000000de0b6b3a76400000000000000000000000000000000000000000000000000000c8738858dc34a6500000000000000000000000000000000000000000000000000000000000000a000000000000000000000000000000000000000000000000000000000000000000000000000000000000000000000000000000000000000000000000000000003000000000000000000000000c02aaa39b223fe8d0a0e5c4f27ead9083c756cc2000000000000000000000000a0b86991c6218b36c1d19d4a2e9eb0ce3606eb48000000000000000000000000dac17f958d2ee523a2206206994597c13d831ec70000000000000000000000000000000000000000000000000000000000000060000000000000000000000000dac17f958d2ee523a2206206994597c13d831ec7000000000000000000000000000000000000000000000000000000000000000000000000000000000000000000000000000000000000000000000000000001f40000000000000000000000000000000000000000000000000000000000000060000000000000000000000000dac17f958d2ee523a2206206994597c13d831ec700000000000000000000000000000000000000000000000000000000000000000000000000000000000000000000000000000000000000000c8738858dc34a65"`;

exports[`PancakeSwap Universal Router Trade > v2 > should encode a single exactInput ETH->USDC Swap 1`] = `"0x24856bc30000000000000000000000000000000000000000000000000000000000000040000000000000000000000000000000000000000000000000000000000000008000000000000000000000000000000000000000000000000000000000000000020b080000000000000000000000000000000000000000000000000000000000000000000000000000000000000000000000000000000000000000000000000002000000000000000000000000000000000000000000000000000000000000004000000000000000000000000000000000000000000000000000000000000000a0000000000000000000000000000000000000000000000000000000000000004000000000000000000000000000000000000000000000000000000000000000020000000000000000000000000000000000000000000000000de0b6b3a7640000000000000000000000000000000000000000000000000000000000000000010000000000000000000000000000000000000000000000000000000000000000000000000000000000000000000000000000000000000000000de0b6b3a76400000000000000000000000000000000000000000000000000000d2bb6f7329d8b2c00000000000000000000000000000000000000000000000000000000000000a000000000000000000000000000000000000000000000000000000000000000000000000000000000000000000000000000000000000000000000000000000002000000000000000000000000c02aaa39b223fe8d0a0e5c4f27ead9083c756cc2000000000000000000000000a0b86991c6218b36c1d19d4a2e9eb0ce3606eb48"`;

exports[`PancakeSwap Universal Router Trade > v2 > should encode a single exactInput ETH->USDC Swap, with USDC fee 1`] = `"0x24856bc30000000000000000000000000000000000000000000000000000000000000040000000000000000000000000000000000000000000000000000000000000008000000000000000000000000000000000000000000000000000000000000000040b080604000000000000000000000000000000000000000000000000000000000000000000000000000000000000000000000000000000000000000000000004000000000000000000000000000000000000000000000000000000000000008000000000000000000000000000000000000000000000000000000000000000e000000000000000000000000000000000000000000000000000000000000002000000000000000000000000000000000000000000000000000000000000000280000000000000000000000000000000000000000000000000000000000000004000000000000000000000000000000000000000000000000000000000000000020000000000000000000000000000000000000000000000000de0b6b3a7640000000000000000000000000000000000000000000000000000000000000000010000000000000000000000000000000000000000000000000000000000000000020000000000000000000000000000000000000000000000000de0b6b3a76400000000000000000000000000000000000000000000000000000c927477990abf0700000000000000000000000000000000000000000000000000000000000000a000000000000000000000000000000000000000000000000000000000000000000000000000000000000000000000000000000000000000000000000000000002000000000000000000000000c02aaa39b223fe8d0a0e5c4f27ead9083c756cc2000000000000000000000000a0b86991c6218b36c1d19d4a2e9eb0ce3606eb480000000000000000000000000000000000000000000000000000000000000060000000000000000000000000a0b86991c6218b36c1d19d4a2e9eb0ce3606eb48000000000000000000000000000000000000000000000000000000000000000000000000000000000000000000000000000000000000000000000000000001f40000000000000000000000000000000000000000000000000000000000000060000000000000000000000000a0b86991c6218b36c1d19d4a2e9eb0ce3606eb4800000000000000000000000000000000000000000000000000000000000000000000000000000000000000000000000000000000000000000c927477990abf07"`;

exports[`PancakeSwap Universal Router Trade > v2 > should encode a single exactInput USDC->ETH Swap 1`] = `"0x24856bc300000000000000000000000000000000000000000000000000000000000000400000000000000000000000000000000000000000000000000000000000000080000000000000000000000000000000000000000000000000000000000000000108000000000000000000000000000000000000000000000000000000000000000000000000000000000000000000000000000000000000000000000000000001000000000000000000000000000000000000000000000000000000000000002000000000000000000000000000000000000000000000000000000000000001000000000000000000000000000000000000000000000000000000000000000002000000000000000000000000000000000000000000000000000000003b9aca0000000000000000000000000000000000000000000000000000000000389fd97f00000000000000000000000000000000000000000000000000000000000000a000000000000000000000000000000000000000000000000000000000000000010000000000000000000000000000000000000000000000000000000000000002000000000000000000000000a0b86991c6218b36c1d19d4a2e9eb0ce3606eb48000000000000000000000000c02aaa39b223fe8d0a0e5c4f27ead9083c756cc2"`;

exports[`PancakeSwap Universal Router Trade > v2 > should encode a single exactInput USDC->ETH Swap, with WETH fee 1`] = `"0x24856bc300000000000000000000000000000000000000000000000000000000000000400000000000000000000000000000000000000000000000000000000000000080000000000000000000000000000000000000000000000000000000000000000308060c0000000000000000000000000000000000000000000000000000000000000000000000000000000000000000000000000000000000000000000000000300000000000000000000000000000000000000000000000000000000000000600000000000000000000000000000000000000000000000000000000000000180000000000000000000000000000000000000000000000000000000000000020000000000000000000000000000000000000000000000000000000000000001000000000000000000000000000000000000000000000000000000000000000002000000000000000000000000000000000000000000000000000000003b9aca0000000000000000000000000000000000000000000000000000000000360cf28400000000000000000000000000000000000000000000000000000000000000a000000000000000000000000000000000000000000000000000000000000000010000000000000000000000000000000000000000000000000000000000000002000000000000000000000000a0b86991c6218b36c1d19d4a2e9eb0ce3606eb48000000000000000000000000c02aaa39b223fe8d0a0e5c4f27ead9083c756cc20000000000000000000000000000000000000000000000000000000000000060000000000000000000000000c02aaa39b223fe8d0a0e5c4f27ead9083c756cc2000000000000000000000000000000000000000000000000000000000000000000000000000000000000000000000000000000000000000000000000000001f40000000000000000000000000000000000000000000000000000000000000040000000000000000000000000000000000000000000000000000000000000000000000000000000000000000000000000000000000000000000000000360cf284"`;

exports[`PancakeSwap Universal Router Trade > v2 > should encode a single exactInput USDC->ETH swap, with EIP-2098 permit 1`] = `"0x24856bc30000000000000000000000000000000000000000000000000000000000000040000000000000000000000000000000000000000000000000000000000000008000000000000000000000000000000000000000000000000000000000000000020a080000000000000000000000000000000000000000000000000000000000000000000000000000000000000000000000000000000000000000000000000002000000000000000000000000000000000000000000000000000000000000004000000000000000000000000000000000000000000000000000000000000001a00000000000000000000000000000000000000000000000000000000000000140000000000000000000000000a0b86991c6218b36c1d19d4a2e9eb0ce3606eb48000000000000000000000000ffffffffffffffffffffffffffffffffffffffff0000000000000000000000000000000000000000000000000000ffffffffffff00000000000000000000000000000000000000000000000000000000000000000000000000000000000000003fc91a3afd70395cd496c647d5a6cc9d4b2b7fad0000000000000000000000000000000000000000000000000000ffffffffffff00000000000000000000000000000000000000000000000000000000000000e00000000000000000000000000000000000000000000000000000000000000040726fa9e4e2cb57366858cbc4d96ac1e56b3c3a28d6dc0d829348fe2ad567213ceb002dba85f6b9990b3eb7579cef45dd476c02023d72c7389432f0be98e2401c00000000000000000000000000000000000000000000000000000000000001000000000000000000000000000000000000000000000000000000000000000002000000000000000000000000000000000000000000000000000000003b9aca0000000000000000000000000000000000000000000000000000000000389fd97f00000000000000000000000000000000000000000000000000000000000000a000000000000000000000000000000000000000000000000000000000000000010000000000000000000000000000000000000000000000000000000000000002000000000000000000000000a0b86991c6218b36c1d19d4a2e9eb0ce3606eb48000000000000000000000000c02aaa39b223fe8d0a0e5c4f27ead9083c756cc2"`;

exports[`PancakeSwap Universal Router Trade > v2 > should encode a single exactInput USDC->ETH swap, with permit2 1`] = `"0x24856bc30000000000000000000000000000000000000000000000000000000000000040000000000000000000000000000000000000000000000000000000000000008000000000000000000000000000000000000000000000000000000000000000020a080000000000000000000000000000000000000000000000000000000000000000000000000000000000000000000000000000000000000000000000000002000000000000000000000000000000000000000000000000000000000000004000000000000000000000000000000000000000000000000000000000000001c00000000000000000000000000000000000000000000000000000000000000160000000000000000000000000a0b86991c6218b36c1d19d4a2e9eb0ce3606eb48000000000000000000000000ffffffffffffffffffffffffffffffffffffffff0000000000000000000000000000000000000000000000000000ffffffffffff00000000000000000000000000000000000000000000000000000000000000000000000000000000000000003fc91a3afd70395cd496c647d5a6cc9d4b2b7fad0000000000000000000000000000000000000000000000000000ffffffffffff00000000000000000000000000000000000000000000000000000000000000e00000000000000000000000000000000000000000000000000000000000000041726fa9e4e2cb57366858cbc4d96ac1e56b3c3a28d6dc0d829348fe2ad567213c6b002dba85f6b9990b3eb7579cef45dd476c02023d72c7389432f0be98e240ec1c0000000000000000000000000000000000000000000000000000000000000000000000000000000000000000000000000000000000000000000000000001000000000000000000000000000000000000000000000000000000000000000002000000000000000000000000000000000000000000000000000000003b9aca0000000000000000000000000000000000000000000000000000000000389fd97f00000000000000000000000000000000000000000000000000000000000000a000000000000000000000000000000000000000000000000000000000000000010000000000000000000000000000000000000000000000000000000000000002000000000000000000000000a0b86991c6218b36c1d19d4a2e9eb0ce3606eb48000000000000000000000000c02aaa39b223fe8d0a0e5c4f27ead9083c756cc2"`;

exports[`PancakeSwap Universal Router Trade > v2 > should encode exactInput USDT->USDC->ETH swap 1`] = `"0x24856bc300000000000000000000000000000000000000000000000000000000000000400000000000000000000000000000000000000000000000000000000000000080000000000000000000000000000000000000000000000000000000000000000108000000000000000000000000000000000000000000000000000000000000000000000000000000000000000000000000000000000000000000000000000001000000000000000000000000000000000000000000000000000000000000002000000000000000000000000000000000000000000000000000000000000001200000000000000000000000000000000000000000000000000000000000000002000000000000000000000000000000000000000000000000000000003b9aca0000000000000000000000000000000000000000000000000000000000387b9c2700000000000000000000000000000000000000000000000000000000000000a000000000000000000000000000000000000000000000000000000000000000010000000000000000000000000000000000000000000000000000000000000003000000000000000000000000dac17f958d2ee523a2206206994597c13d831ec7000000000000000000000000a0b86991c6218b36c1d19d4a2e9eb0ce3606eb48000000000000000000000000c02aaa39b223fe8d0a0e5c4f27ead9083c756cc2"`;

exports[`PancakeSwap Universal Router Trade > v2 > should encode exactOutput ETH-USDC swap 1`] = `"0x24856bc30000000000000000000000000000000000000000000000000000000000000040000000000000000000000000000000000000000000000000000000000000008000000000000000000000000000000000000000000000000000000000000000020b090000000000000000000000000000000000000000000000000000000000000000000000000000000000000000000000000000000000000000000000000002000000000000000000000000000000000000000000000000000000000000004000000000000000000000000000000000000000000000000000000000000000a0000000000000000000000000000000000000000000000000000000000000004000000000000000000000000000000000000000000000000000000000000000020000000000000000000000000000000000000000000000000e9f712a46651462000000000000000000000000000000000000000000000000000000000000010000000000000000000000000000000000000000000000000000000000000000000000000000000000000000000000000000000000000000000de0b6b3a76400000000000000000000000000000000000000000000000000000e9f712a4665146200000000000000000000000000000000000000000000000000000000000000a000000000000000000000000000000000000000000000000000000000000000000000000000000000000000000000000000000000000000000000000000000002000000000000000000000000c02aaa39b223fe8d0a0e5c4f27ead9083c756cc2000000000000000000000000a0b86991c6218b36c1d19d4a2e9eb0ce3606eb48"`;

exports[`PancakeSwap Universal Router Trade > v2 > should encode exactOutput USDC-ETH swap 1`] = `"0x24856bc3000000000000000000000000000000000000000000000000000000000000004000000000000000000000000000000000000000000000000000000000000000800000000000000000000000000000000000000000000000000000000000000001090000000000000000000000000000000000000000000000000000000000000000000000000000000000000000000000000000000000000000000000000000010000000000000000000000000000000000000000000000000000000000000020000000000000000000000000000000000000000000000000000000000000010000000000000000000000000000000000000000000000000000000000000000020000000000000000000000000000000000000000000000000de0b6b3a76400000000000000000000000000000000000000000000000000000e9f712a4665146200000000000000000000000000000000000000000000000000000000000000a000000000000000000000000000000000000000000000000000000000000000010000000000000000000000000000000000000000000000000000000000000002000000000000000000000000a0b86991c6218b36c1d19d4a2e9eb0ce3606eb48000000000000000000000000c02aaa39b223fe8d0a0e5c4f27ead9083c756cc2"`;
